------------------------------------------------------------
Timing Analyzer Summary
------------------------------------------------------------

Type  : Slow 1100mV 85C Model Setup 'clk'
Slack : -0.462
TNS   : -2.462

Type  : Slow 1100mV 85C Model Hold 'clk'
Slack : 0.284
TNS   : 0.000

Type  : Slow 1100mV 85C Model Minimum Pulse Width 'clk'
Slack : 4.176
TNS   : 0.000

Type  : Slow 1100mV 0C Model Setup 'clk'
Slack : -0.721
TNS   : -7.047

Type  : Slow 1100mV 0C Model Hold 'clk'
Slack : 0.281
TNS   : 0.000

Type  : Slow 1100mV 0C Model Minimum Pulse Width 'clk'
Slack : 4.049
TNS   : 0.000

Type  : Fast 1100mV 85C Model Setup 'clk'
Slack : 5.645
TNS   : 0.000

Type  : Fast 1100mV 85C Model Hold 'clk'
Slack : 0.126
TNS   : 0.000

Type  : Fast 1100mV 85C Model Minimum Pulse Width 'clk'
Slack : 4.546
TNS   : 0.000

Type  : Fast 1100mV 0C Model Setup 'clk'
Slack : 5.990
TNS   : 0.000

Type  : Fast 1100mV 0C Model Hold 'clk'
Slack : 0.118
TNS   : 0.000

Type  : Fast 1100mV 0C Model Minimum Pulse Width 'clk'
Slack : 4.541
TNS   : 0.000

------------------------------------------------------------
