Flow report for matmul_synth_fastgrade
Wed Sep 16 16:38:03 2026
Quartus Prime Version 24.1std.0 Build 1077 03/04/2025 SC Lite Edition


---------------------
; Table of Contents ;
---------------------
  1. Legal Notice
  2. Flow Summary
  3. Flow Settings
  4. Flow Non-Default Global Settings
  5. Flow Elapsed Time
  6. Flow OS Summary
  7. Flow Log
  8. Flow Messages
  9. Flow Suppressed Messages



----------------
; Legal Notice ;
----------------
Copyright (C) 2025  Altera Corporation. All rights reserved.
Your use of Altera Corporation's design tools, logic functions 
and other software and tools, and any partner logic 
functions, and any output files from any of the foregoing 
(including device programming or simulation files), and any 
associated documentation or information are expressly subject 
to the terms and conditions of the Altera Program License 
Subscription Agreement, the Altera Quartus Prime License Agreement,
the Altera IP License Agreement, or other applicable license
agreement, including, without limitation, that your use is for
the sole purpose of programming logic devices manufactured by
Altera and sold by Altera or its authorized distributors.  Please
refer to the Altera Software License Subscription Agreements 
on the Quartus Prime software download page.



+-----------------------------------------------------------------------------------+
; Flow Summary                                                                      ;
+---------------------------------+-------------------------------------------------+
; Flow Status                     ; Successful - Wed Sep 16 16:37:55 2026           ;
; Quartus Prime Version           ; 24.1std.0 Build 1077 03/04/2025 SC Lite Edition ;
; Revision Name                   ; matmul_synth_fastgrade                          ;
; Top-level Entity Name           ; matmul_4x4_systolic                             ;
; Family                          ; Cyclone V                                       ;
; Device                          ; 5CGXFC9E6F35C7                                  ;
; Timing Models                   ; Final                                           ;
; Logic utilization (in ALMs)     ; 1,476 / 113,560 ( 1 % )                         ;
; Total registers                 ; 891                                             ;
; Total pins                      ; 0 / 616 ( 0 % )                                 ;
; Total virtual pins              ; 382                                             ;
; Total block memory bits         ; 0 / 12,492,800 ( 0 % )                          ;
; Total DSP Blocks                ; 16 / 342 ( 5 % )                                ;
; Total HSSI RX PCSs              ; 0 / 12 ( 0 % )                                  ;
; Total HSSI PMA RX Deserializers ; 0 / 12 ( 0 % )                                  ;
; Total HSSI TX PCSs              ; 0 / 12 ( 0 % )                                  ;
; Total HSSI PMA TX Serializers   ; 0 / 12 ( 0 % )                                  ;
; Total PLLs                      ; 0 / 20 ( 0 % )                                  ;
; Total DLLs                      ; 0 / 4 ( 0 % )                                   ;
+---------------------------------+-------------------------------------------------+


+--------------------------------------------+
; Flow Settings                              ;
+-------------------+------------------------+
; Option            ; Setting                ;
+-------------------+------------------------+
; Start date & time ; 09/16/2026 16:36:37    ;
; Main task         ; Compilation            ;
; Revision Name     ; matmul_synth_fastgrade ;
+-------------------+------------------------+


+---------------------------------------------------------------------------------------------------------------+
; Flow Non-Default Global Settings                                                                              ;
+--------------------------+--------------------------------+------------------------+-------------+------------+
; Assignment Name          ; Value                          ; Default Value          ; Entity Name ; Section Id ;
+--------------------------+--------------------------------+------------------------+-------------+------------+
; COMPILER_SIGNATURE_ID    ; 10995770589204.178960179725036 ; --                     ; --          ; --         ;
; MAX_CORE_JUNCTION_TEMP   ; 85                             ; --                     ; --          ; --         ;
; MIN_CORE_JUNCTION_TEMP   ; 0                              ; --                     ; --          ; --         ;
; NUM_PARALLEL_PROCESSORS  ; All                            ; --                     ; --          ; --         ;
; PROJECT_OUTPUT_DIRECTORY ; output_files_fastgrade         ; --                     ; --          ; --         ;
; TOP_LEVEL_ENTITY         ; matmul_4x4_systolic            ; matmul_synth_fastgrade ; --          ; --         ;
+--------------------------+--------------------------------+------------------------+-------------+------------+


+--------------------------------------------------------------------------------------------------------------------------+
; Flow Elapsed Time                                                                                                        ;
+----------------------+--------------+-------------------------+---------------------+------------------------------------+
; Module Name          ; Elapsed Time ; Average Processors Used ; Peak Virtual Memory ; Total CPU Time (on all processors) ;
+----------------------+--------------+-------------------------+---------------------+------------------------------------+
; Analysis & Synthesis ; 00:00:16     ; 1.0                     ; 4885 MB             ; 00:00:07                           ;
; Fitter               ; 00:01:01     ; 1.1                     ; 7243 MB             ; 00:02:27                           ;
; Timing Analyzer      ; 00:00:06     ; 2.1                     ; 5349 MB             ; 00:00:12                           ;
; Total                ; 00:01:23     ; --                      ; --                  ; 00:02:46                           ;
+----------------------+--------------+-------------------------+---------------------+------------------------------------+


+------------------------------------------------------------------------------------+
; Flow OS Summary                                                                    ;
+----------------------+------------------+------------+------------+----------------+
; Module Name          ; Machine Hostname ; OS Name    ; OS Version ; Processor type ;
+----------------------+------------------+------------+------------+----------------+
; Analysis & Synthesis ; DJANGO           ; Windows 10 ; 10.0       ; x86_64         ;
; Fitter               ; DJANGO           ; Windows 10 ; 10.0       ; x86_64         ;
; Timing Analyzer      ; DJANGO           ; Windows 10 ; 10.0       ; x86_64         ;
+----------------------+------------------+------------+------------+----------------+


------------
; Flow Log ;
------------
quartus_map matmul_synth -c matmul_synth_fastgrade
quartus_fit matmul_synth -c matmul_synth_fastgrade
quartus_sta matmul_synth -c matmul_synth_fastgrade



