------------------------------------------------------------
Timing Analyzer Summary
------------------------------------------------------------

Type  : Slow 1100mV 85C Model Setup 'clk'
Slack : 0.954
TNS   : 0.000

Type  : Slow 1100mV 85C Model Hold 'clk'
Slack : 0.249
TNS   : 0.000

Type  : Slow 1100mV 85C Model Minimum Pulse Width 'clk'
Slack : 4.246
TNS   : 0.000

Type  : Slow 1100mV 0C Model Setup 'clk'
Slack : 0.628
TNS   : 0.000

Type  : Slow 1100mV 0C Model Hold 'clk'
Slack : 0.240
TNS   : 0.000

Type  : Slow 1100mV 0C Model Minimum Pulse Width 'clk'
Slack : 4.157
TNS   : 0.000

Type  : Fast 1100mV 85C Model Setup 'clk'
Slack : 5.599
TNS   : 0.000

Type  : Fast 1100mV 85C Model Hold 'clk'
Slack : 0.128
TNS   : 0.000

Type  : Fast 1100mV 85C Model Minimum Pulse Width 'clk'
Slack : 4.552
TNS   : 0.000

Type  : Fast 1100mV 0C Model Setup 'clk'
Slack : 5.967
TNS   : 0.000

Type  : Fast 1100mV 0C Model Hold 'clk'
Slack : 0.118
TNS   : 0.000

Type  : Fast 1100mV 0C Model Minimum Pulse Width 'clk'
Slack : 4.540
TNS   : 0.000

------------------------------------------------------------
